bundler: failed to load command: exe/bundle_diff_linker (exe/bundle_diff_linker)
